// Jest Snapshot v1, https://goo.gl/fbAQLP

exports[`test header component 1`] = `
<header>
  <h1>
    Expensify App
  </h1>
  <NavLink
    activeClassName="is-active"
    exact={true}
    to="/"
  >
    Dashboard 
  </NavLink>
  <NavLink
    activeClassName="is-active"
    to="/AddPage"
  >
    AddPage 
  </NavLink>
</header>
`;
